  Determining projects to restore...
  All projects are up-to-date for restore.
  todo -> C:\Users\nexor\OneDrive\Documenten\School\School\todo\bin\Debug\net10.0\todo.dll
C:\Users\nexor\OneDrive\Documenten\School\School\todo\todo.Tests\ToDoControllerTests.cs(30,33): error CS7036: There is no argument given that corresponds to the required parameter 'userId' of 'ToDoController.Get(int?)' [C:\Users\nexor\OneDrive\Documenten\School\School\todo\todo.Tests\todo.Tests.csproj]

Build FAILED.

C:\Users\nexor\OneDrive\Documenten\School\School\todo\todo.Tests\ToDoControllerTests.cs(30,33): error CS7036: There is no argument given that corresponds to the required parameter 'userId' of 'ToDoController.Get(int?)' [C:\Users\nexor\OneDrive\Documenten\School\School\todo\todo.Tests\todo.Tests.csproj]
    0 Warning(s)
    1 Error(s)

Time Elapsed 00:00:01.13
